10
20
10
-20
-40
40
50
60
-61
-64
-64
1
-63
10
-60
