0
1
1
2
3
5
8
13
21
34
55

or if tribonacci

0
1
1
2
4
7
13
24
44
81
149
274
